// Jest Snapshot v1, https://goo.gl/fbAQLP

exports[`Pruebas en <HomeScreen /> Debe de mostrarse correctamente 1`] = `
<div>
  <h1>
    Home Screen
  </h1>
  <hr />
  <pre
    className="container"
  >
    {
   "name": "Fernando",
   "email": "fernando@mail.com"
}
  </pre>
</div>
`;
