// Jest Snapshot v1, https://goo.gl/fbAQLP

exports[`Pruebas con <GifGrid /> Debe de coincidir el snapshot  1`] = `
<Fragment>
  <h3
    className="animate__animated animate__fadeIn"
  >
     
    Rick and Morty
     
  </h3>
  <p
    className="animate__animated animate__flash"
  >
    Loading
  </p>
  <div
    className="card-grid"
  />
</Fragment>
`;
